Microchip MPLAB XC8 Compiler V2.45

Linker command line:

-W-3 \
  --edf=C:\Program Files\Microchip\xc8\v2.45\pic\dat\20230818022343_en.msgs \
  -cn -h+dist/default/production\microwave_oven.X.production.sym \
  --cmf=dist/default/production\microwave_oven.X.production.cmf -z \
  -Q16F877A -oC:\Users\abhi1\AppData\Local\Temp\xcAsehs.\driver_tmp_3.o \
  --defsym=__MPLAB_BUILD=1 --fixupoverflow=error \
  -Mdist/default/production/microwave_oven.X.production.map \
  --md=C:\Users\abhi1\AppData\Local\Temp\xcAsehs.\driver_tmp_0.dat -E1 \
  -ver=XC8 Compiler --acfsm=1493 -ACODE=00h-07FFhx4 -ASTRCODE=00h-01FFFh \
  -ASTRING=00h-0FFhx32 -ACONST=00h-0FFhx32 -AENTRY=00h-0FFhx32 \
  -ACOMMON=070h-07Fh -ABANK0=020h-06Fh -ABANK1=0A0h-0EFh \
  -ABANK2=0110h-016Fh -ABANK3=0190h-01EFh \
  -ARAM=020h-06Fh,0A0h-0EFh,0110h-016Fh,0190h-01EFh \
  -AABS1=020h-07Fh,0A0h-0EFh,0110h-016Fh,0190h-01EFh -ASFR0=00h-01Fh \
  -ASFR1=080h-09Fh -ASFR2=0100h-010Fh -ASFR3=0180h-018Fh \
  -ACONFIG=02007h-02007h -DCONFIG=2 -AIDLOC=02000h-02003h -DIDLOC=2 \
  -AEEDATA=00h-0FFh/02100h -peeprom_data=EEDATA -DEEDATA=2 -DCODE=2 \
  -DSTRCODE=2 -DSTRING=2 -DCONST=2 -DENTRY=2 \
  -preset_vec=00h,intentry=04h,init,end_init -ppowerup=CODE -pcinit=CODE \
  -pfunctab=ENTRY -k \
  C:\Users\abhi1\AppData\Local\Temp\xcAsehs.\driver_tmp_12.o \
  dist/default/production\microwave_oven.X.production.o 

Object code version is 3.11

Machine type is 16F877A



                Name                               Link     Load   Length Selector   Space Scale
C:\Users\abhi1\AppData\Local\Temp\xcAsehs.\driver_tmp_12.o
                end_init                              C        C        3        8       0
                reset_vec                             0        0        3        0       0
                config                             2007     2007        1        0       4
dist/default/production\microwave_oven.X.production.o
                cinit                                 F        F       25        8       0
                intentry                              4        4        8        8       0
                config                             2007     2007        1        0       4
                text20                              EA6      EA6       35     1D4C       0
                text19                              7A7      7A7       36      BFE       0
                text18                              E77      E77       2F     1CEE       0
                text17                              E22      E22       13     1C44       0
                text16                              461      461       7F        8       0
                text15                              F36      F36       63     1E6C       0
                text14                              DE9      DE9        B     1BD2       0
                text13                              E01      E01       10     1C02       0
                text12                              DF4      DF4        D     1BE8       0
                text11                              4E0      4E0       1E        8       0
                text10                              E4A      E4A       2D     1C94       0
                text9                               6EC      6EC       BB      BFE       0
                text8                               7DD      7DD       23      BFE       0
                text7                               F99      F99       67     1F32       0
                text6                               EDB      EDB       5B     1DB6       0
                text5                               E35      E35       15     1C6A       0
                text4                               E11      E11       11     1C22       0
                text3                                34       34      16F        8       0
                text2                               1A3      1A3      164        8       0
                text1                               5FF      5FF       ED      BFE       0
                maintext                            307      307      15A        8       0
                cstackBANK0                          20       20       12       20       1
                cstackCOMMON                         70       70        B       70       1
                dataBANK0                            41       41        2       20       1
                bssBANK0                             32       32        F       20       1
                dataCOMMON                           7B       7B        1       70       1
                stringtext                          500      500       FF        A       0
                strings                             800      800       12     1000       0
                idataBANK0                          4FE      4FE        2        8       0
                idataCOMMON                           3        3        1        0       0

TOTAL           Name                               Link     Load   Length     Space
        CLASS   CODE           
                end_init                              C        C        3         0
                cinit                                 F        F       25         0
                intentry                              4        4        8         0
                reset_vec                             0        0        3         0
                text20                              EA6      EA6       35         0
                text19                              7A7      7A7       36         0
                text18                              E77      E77       2F         0
                text17                              E22      E22       13         0
                text16                              461      461       7F         0
                text15                              F36      F36       63         0
                text14                              DE9      DE9        B         0
                text13                              E01      E01       10         0
                text12                              DF4      DF4        D         0
                text11                              4E0      4E0       1E         0
                text10                              E4A      E4A       2D         0
                text9                               6EC      6EC       BB         0
                text8                               7DD      7DD       23         0
                text7                               F99      F99       67         0
                text6                               EDB      EDB       5B         0
                text5                               E35      E35       15         0
                text4                               E11      E11       11         0
                text3                                34       34      16F         0
                text2                               1A3      1A3      164         0
                text1                               5FF      5FF       ED         0
                maintext                            307      307      15A         0
                idataBANK0                          4FE      4FE        2         0
                idataCOMMON                           3        3        1         0

        CLASS   STRCODE        
                stringtext                          500      500       FF         0

        CLASS   STRING         
                strings                             800      800       12         0

        CLASS   CONST          

        CLASS   ENTRY          

        CLASS   COMMON         
                cstackCOMMON                         70       70        B         1
                dataCOMMON                           7B       7B        1         1

        CLASS   BANK0          
                cstackBANK0                          20       20       12         1
                dataBANK0                            41       41        2         1
                bssBANK0                             32       32        F         1

        CLASS   BANK1          

        CLASS   BANK2          

        CLASS   BANK3          

        CLASS   RAM            

        CLASS   ABS1           
                abs_s1                               7E       7E        2         1

        CLASS   SFR0           

        CLASS   SFR1           

        CLASS   SFR2           

        CLASS   SFR3           

        CLASS   CONFIG         
                config                             2007     2007        1         4

        CLASS   IDLOC          

        CLASS   EEDATA         

        CLASS   HEAP           

        CLASS   STACK          



SEGMENTS        Name                           Load    Length   Top    Selector   Space  Class     Delta

                reset_vec                      000000  000004  000004         0       0  CODE        2
                intentry                       000004  0004FC  000500         8       0  CODE        2
                cstackBANK0                    000020  000023  000043        20       1  BANK0       1
                cstackCOMMON                   000070  00000C  00007C        70       1  COMMON      1
                stringtext                     000500  0000FF  0005FF         A       0  STRCODE     2
                text1                          0005FF  000201  000800       BFE       0  CODE        2
                strings                        000800  000012  000812      1000       0  STRING      2
                text14                         000DE9  00000B  000DF4      1BD2       0  CODE        2
                text12                         000DF4  00000D  000E01      1BE8       0  CODE        2
                text13                         000E01  000010  000E11      1C02       0  CODE        2
                text4                          000E11  000011  000E22      1C22       0  CODE        2
                text17                         000E22  000013  000E35      1C44       0  CODE        2
                text5                          000E35  000015  000E4A      1C6A       0  CODE        2
                text10                         000E4A  00002D  000E77      1C94       0  CODE        2
                text18                         000E77  00002F  000EA6      1CEE       0  CODE        2
                text20                         000EA6  000035  000EDB      1D4C       0  CODE        2
                text6                          000EDB  00005B  000F36      1DB6       0  CODE        2
                text15                         000F36  000063  000F99      1E6C       0  CODE        2
                text7                          000F99  000067  001000      1F32       0  CODE        2


UNUSED ADDRESS RANGES

        Name                Unused          Largest block    Delta
        BANK0            0043-006F             2D           1
        BANK1            00A0-00EF             50           1
        BANK2            0110-016F             60           1
        BANK3            0190-01EF             60           1
        CODE             0812-0DE8            5D7           2
                         1000-1FFF            800
        COMMON           007C-007D              2           1
        CONST            0812-0DE8            100           2
                         1000-1FFF            100
        EEDATA           2100-21FF            100           2
        ENTRY            0812-0DE8            100           2
                         1000-1FFF            100
        IDLOC            2000-2003              4           2
        RAM              0043-006F             2D           1
                         00A0-00EF             50
                         0110-016F             60
                         0190-01EF             60
        SFR0             0000-001F             20           1
        SFR1             0080-009F             20           1
        SFR2             0100-010F             10           1
        SFR3             0180-018F             10           1
        STRCODE          0812-0DE8            5D7           2
                         1000-1FFF           1000
        STRING           0812-0DE8            100           2
                         1000-1FFF            100

                                  Symbol Table

?___awdiv                        cstackCOMMON 0072
?___awmod                        cstackBANK0  0020
Power_on_screen@i                cstackBANK0  002A
_GIE                             (abs)        005F
_PEIE                            (abs)        005E
_PORTD                           (abs)        0008
_PR2                             (abs)        0092
_Power_on_screen                 text16       0461
_RB0                             (abs)        0030
_RB1                             (abs)        0031
_RB2                             (abs)        0032
_RC1                             (abs)        0039
_RC2                             (abs)        003A
_RD0                             (abs)        0040
_RD1                             (abs)        0041
_RD2                             (abs)        0042
_RD3                             (abs)        0043
_RE1                             (abs)        0049
_RE2                             (abs)        004A
_T2CKPS0                         (abs)        0090
_T2CKPS1                         (abs)        0091
_TMR2IE                          (abs)        0461
_TMR2IF                          (abs)        0061
_TMR2ON                          (abs)        0092
_TRISB                           (abs)        0086
_TRISC1                          (abs)        0439
_TRISC2                          (abs)        043A
_TRISD                           (abs)        0088
_TRISE1                          (abs)        0449
_TRISE2                          (abs)        044A
__H__absolute__                  __absolute__ 0000
__Habs1                          abs1         0000
__Hbank0                         bank0        0000
__Hbank1                         bank1        0000
__Hbank2                         bank2        0000
__Hbank3                         bank3        0000
__HbssBANK0                      bssBANK0     0000
__Hcinit                         cinit        0034
__Hclrtext                       clrtext      0000
__Hcode                          code         0000
__Hcommon                        common       0000
__Hconfig                        config       2008
__HcstackBANK0                   cstackBANK0  0000
__HcstackCOMMON                  cstackCOMMON 0000
__HdataBANK0                     dataBANK0    0000
__HdataCOMMON                    dataCOMMON   0000
__Heeprom_data                   eeprom_data  0000
__Hend_init                      end_init     000F
__Hfunctab                       functab      0000
__Hheap                          heap         0000
__HidataBANK0                    idataBANK0   0000
__HidataCOMMON                   idataCOMMON  0000
__Hinit                          init         000C
__Hintentry                      intentry     000C
__Hmaintext                      maintext     0000
__Hpowerup                       powerup      0000
__Hram                           ram          0000
__Hreset_vec                     reset_vec    0003
__Hsfr0                          sfr0         0000
__Hsfr1                          sfr1         0000
__Hsfr2                          sfr2         0000
__Hsfr3                          sfr3         0000
__Hspace_0                       (abs)        1000
__Hspace_1                       (abs)        007C
__Hspace_2                       (abs)        0000
__Hspace_3                       (abs)        0000
__Hspace_4                       (abs)        400F
__Hstack                         stack        0000
__Hstrings                       strings      0000
__Hstringtext                    stringtext   0000
__Htext                          text         0000
__L__absolute__                  __absolute__ 0000
__Labs1                          abs1         0000
__Lbank0                         bank0        0000
__Lbank1                         bank1        0000
__Lbank2                         bank2        0000
__Lbank3                         bank3        0000
__LbssBANK0                      bssBANK0     0000
__Lcinit                         cinit        000F
__Lclrtext                       clrtext      0000
__Lcode                          code         0000
__Lcommon                        common       0000
__Lconfig                        config       0000
__LcstackBANK0                   cstackBANK0  0000
__LcstackCOMMON                  cstackCOMMON 0000
__LdataBANK0                     dataBANK0    0000
__LdataCOMMON                    dataCOMMON   0000
__Leeprom_data                   eeprom_data  0000
__Lend_init                      end_init     000C
__Lfunctab                       functab      0000
__Lheap                          heap         0000
__LidataBANK0                    idataBANK0   0000
__LidataCOMMON                   idataCOMMON  0000
__Linit                          init         000C
__Lintentry                      intentry     0004
__Lmaintext                      maintext     0000
__Lpowerup                       powerup      0000
__Lram                           ram          0000
__Lreset_vec                     reset_vec    0000
__Lsfr0                          sfr0         0000
__Lsfr1                          sfr1         0000
__Lsfr2                          sfr2         0000
__Lsfr3                          sfr3         0000
__Lspace_0                       (abs)        0000
__Lspace_1                       (abs)        0000
__Lspace_2                       (abs)        0000
__Lspace_3                       (abs)        0000
__Lspace_4                       (abs)        0000
__Lstack                         stack        0000
__Lstrings                       strings      0000
__Lstringtext                    stringtext   0000
__Ltext                          text         0000
__S0                             (abs)        1000
__S1                             (abs)        007C
__S3                             (abs)        0000
___awdiv                         text7        0F99
___awdiv@counter                 cstackCOMMON 0076
___awdiv@dividend                cstackCOMMON 0074
___awdiv@divisor                 cstackCOMMON 0072
___awdiv@quotient                cstackCOMMON 0078
___awdiv@sign                    cstackCOMMON 0077
___awmod                         text6        0EDB
___awmod@counter                 cstackBANK0  0024
___awmod@dividend                cstackBANK0  0022
___awmod@divisor                 cstackBANK0  0020
___awmod@sign                    cstackBANK0  0025
___bmul                          text5        0E35
___bmul@multiplicand             cstackCOMMON 0072
___bmul@multiplier               cstackCOMMON 0074
___bmul@product                  cstackCOMMON 0073
___heap_hi                       (abs)        0000
___heap_lo                       (abs)        0000
___int_sp                        stack        0000
___int_stack_hi                  stack        0000
___int_stack_lo                  stack        0000
___latbits                       (abs)        0002
___sp                            stack        0000
___stack_hi                      stack        0000
___stack_lo                      stack        0000
___stackhi                       (abs)        0000
___stacklo                       (abs)        0000
__end_of_Power_on_screen         text16       04E0
__end_of___awdiv                 text7        1000
__end_of___awmod                 text6        0F36
__end_of___bmul                  text5        0E4A
__end_of__initialization         cinit        0030
__end_of__stringtab              strings      0812
__end_of_clcd_print              text18       0EA6
__end_of_clcd_putch              text17       0E35
__end_of_clcd_write              text19       07DD
__end_of_clear_screen            text4        0E22
__end_of_init_clcd               text14       0DF4
__end_of_init_config             text11       04FE
__end_of_init_display_controller text15       0F99
__end_of_init_matrix_keypad      text13       0E11
__end_of_init_timer2             text12       0E01
__end_of_isr                     text20       0EDB
__end_of_main                    maintext     0461
__end_of_menu_display_screen     text10       0E77
__end_of_read_matrix_keypad      text8        0800
__end_of_scan_keypad             text9        07A7
__end_of_set_temp                text3        01A3
__end_of_set_time                text2        0307
__end_of_time_display_screen     text1        06EC
__initialization                 cinit        000F
__pbssBANK0                      bssBANK0     0032
__pcstackBANK0                   cstackBANK0  0020
__pcstackCOMMON                  cstackCOMMON 0070
__pdataBANK0                     dataBANK0    0041
__pdataCOMMON                    dataCOMMON   007B
__pidataBANK0                    idataBANK0   04FE
__pidataCOMMON                   idataCOMMON  0003
__pintentry                      intentry     0004
__pmaintext                      maintext     0307
__pstrings                       strings      0800
__pstringtext                    stringtext   0500
__ptext1                         text1        05FF
__ptext10                        text10       0E4A
__ptext11                        text11       04E0
__ptext12                        text12       0DF4
__ptext13                        text13       0E01
__ptext14                        text14       0DE9
__ptext15                        text15       0F36
__ptext16                        text16       0461
__ptext17                        text17       0E22
__ptext18                        text18       0E77
__ptext19                        text19       07A7
__ptext2                         text2        01A3
__ptext20                        text20       0EA6
__ptext3                         text3        0034
__ptext4                         text4        0E11
__ptext5                         text5        0E35
__ptext6                         text6        0EDB
__ptext7                         text7        0F99
__ptext8                         text8        07DD
__ptext9                         text9        06EC
__stringbase                     strings      0812
__stringtab                      strings      0800
_clcd_print                      text18       0E77
_clcd_putch                      text17       0E22
_clcd_write                      text19       07A7
_clear_screen                    text4        0E11
_flag                            bssBANK0     003E
_init_clcd                       text14       0DE9
_init_config                     text11       04E0
_init_display_controller         text15       0F36
_init_matrix_keypad              text13       0E01
_init_timer2                     text12       0DF4
_isr                             text20       0EA6
_main                            maintext     0307
_menu_display_screen             text10       0E4A
_min                             bssBANK0     003F
_nRBPU                           (abs)        040F
_operation_flag                  dataBANK0    0041
_read_matrix_keypad              text8        07DD
_scan_keypad                     text9        06EC
_sec                             bssBANK0     0040
_set_temp                        text3        0034
_set_time                        text2        01A3
_time_display_screen             text1        05FF
btemp                            (abs)        007E
clcd_print@addr                  cstackCOMMON 0078
clcd_print@str                   cstackCOMMON 0076
clcd_putch@addr                  cstackBANK0  0026
clcd_putch@data                  cstackCOMMON 007A
clcd_write@byte                  cstackCOMMON 0075
clcd_write@mode                  cstackCOMMON 0072
end_of_initialization            cinit        0030
interrupt_function               intentry     0004
intlevel0                        functab      0000
intlevel1                        functab      0000
intlevel2                        functab      0000
intlevel3                        functab      0000
intlevel4                        functab      0000
intlevel5                        functab      0000
isr@count                        bssBANK0     0032
main@key                         cstackBANK0  0031
main@reset_flag                  cstackBANK0  002F
read_matrix_keypad@key           cstackCOMMON 0075
read_matrix_keypad@mode          cstackCOMMON 0074
read_matrix_keypad@once          dataCOMMON   007B
reset_vec                        reset_vec    0000
saved_w                          (abs)        007E
scan_keypad@i                    cstackCOMMON 0072
set_temp@blink                   bssBANK0     003C
set_temp@key                     cstackBANK0  002B
set_temp@key_count               bssBANK0     003D
set_temp@reset_flag              cstackBANK0  0027
set_temp@temp                    bssBANK0     003B
set_temp@wait                    bssBANK0     0036
set_time@blink                   bssBANK0     0038
set_time@blink_pos               bssBANK0     0039
set_time@key                     cstackBANK0  002B
set_time@key_count               bssBANK0     003A
set_time@reset_flag              cstackBANK0  0027
set_time@wait                    bssBANK0     0034
start                            init         000C
start_initialization             cinit        000F
wtemp0                           (abs)        007E


MODULE INFORMATION

Module		Function		Class		Link	Load	Size
timers.c
		_init_timer2   		CODE           	0DF4	0000	13

timers.c estimated size: 13

C:\Program Files\Microchip\xc8\v2.45\pic\sources\c99\common\Umul8.c
		___bmul        		CODE           	0E35	0000	21

C:\Program Files\Microchip\xc8\v2.45\pic\sources\c99\common\Umul8.c estimated size: 21

matrix_keypad.c
		_init_matrix_keypad		CODE           	0E01	0000	16
		_read_matrix_keypad		CODE           	07DD	0000	35
		_scan_keypad   		CODE           	06EC	0000	187

matrix_keypad.c estimated size: 238

C:\Program Files\Microchip\xc8\v2.45\pic\sources\c99\common\awmod.c
		___awmod       		CODE           	0EDB	0000	91

C:\Program Files\Microchip\xc8\v2.45\pic\sources\c99\common\awmod.c estimated size: 91

isr.c
		_isr           		CODE           	0EA6	0000	53

isr.c estimated size: 53

shared
		__stringtab    		STRING         	0800	0000	18
		__initialization		CODE           	000F	0000	33

shared estimated size: 51

clcd.c
		_clcd_write    		CODE           	07A7	0000	54
		_clcd_print    		CODE           	0E77	0000	47
		_clcd_putch    		CODE           	0E22	0000	19
		_init_display_controller		CODE           	0F36	0000	99
		_init_clcd     		CODE           	0DE9	0000	11

clcd.c estimated size: 230

main.c
		_time_display_screen		CODE           	05FF	0000	237
		_main          		CODE           	0307	0000	346
		_set_temp      		CODE           	0034	0000	367
		_menu_display_screen		CODE           	0E4A	0000	45
		_Power_on_screen		CODE           	0461	0000	127
		_clear_screen  		CODE           	0E11	0000	17
		_set_time      		CODE           	01A3	0000	356
		_init_config   		CODE           	04E0	0000	30

main.c estimated size: 1525

C:\Program Files\Microchip\xc8\v2.45\pic\sources\c99\common\awdiv.c
		___awdiv       		CODE           	0F99	0000	103

C:\Program Files\Microchip\xc8\v2.45\pic\sources\c99\common\awdiv.c estimated size: 103

